2023-09-07 15:26:37,692 INFO Logs:  test_tag_a_href был запущен (test_lesson3_hooch.py:22)
2023-09-07 15:31:28,771 INFO Logs:  test_tag_a_href был запущен (test_lesson3_hooch.py:22)
2023-09-07 15:31:59,425 INFO Logs:  test_tag_a_href был запущен (test_lesson3_hooch.py:22)
2023-09-07 15:37:05,298 INFO Logs:  test_tag_a_href был запущен (test_lesson3_hooch.py:22)
2023-09-07 15:43:01,684 INFO Logs:  test_fixture, ok (test_fixture.py:7)
2023-09-12 12:44:34,254 INFO Logs:  test_compare_url был запущен (test_lesson3_hooch.py:14)
2023-09-12 12:45:15,072 INFO Logs:  test_compare_url был запущен (test_lesson3_hooch.py:14)
2023-09-12 12:45:36,166 INFO Logs:  test_compare_url был запущен (test_lesson3_hooch.py:14)
2023-09-12 13:14:32,156 INFO Logs:  test_tag_a_href был запущен (class_work_hooch.py:26)
2023-09-12 13:17:09,139 INFO Logs:  test_tag_a_href был запущен (class_work_hooch.py:26)
2023-09-12 13:21:17,908 INFO Logs:  test_get_h1 был запущен (class_work_hooch.py:20)
2023-09-12 13:55:35,756 INFO Logs:  test_get_h1 был запущен (class_work_hooch.py:20)
2023-09-12 13:57:15,357 INFO Logs:  test_compare_url был запущен (class_work_hooch.py:14)
